// Jest Snapshot v1, https://goo.gl/fbAQLP

exports[`should take snapshot 1`] = `
<DocumentFragment>
  <div>
    <button />
  </div>
</DocumentFragment>
`;
