// Jest Snapshot v1, https://goo.gl/fbAQLP

exports[`should take snapshot 1`] = `
<DocumentFragment>
  <div>
    <form>
      <label />
      <input />
    </form>
  </div>
</DocumentFragment>
`;
